Error (2): Let expression missing assignment!
Error (2): Parse error, unexpected token IN
Parse failed.
