Error (1): Let expression expected in, saw ID(x).
Error (1): Parse error, unexpected token ID(x)
Parse failed.
