Parse successful!
Result: LetNode(ID(x), TokenNode(INT(5)), LetNode(ID(y), TokenNode(INT(3)), BinOpNode(TokenNode(ID(x)), ADD, TokenNode(ID(y)))))
