Parse successful!
Result: LetNode(ID(x), TokenNode(INT(5)), BinOpNode(TokenNode(ID(x)), MULT, TokenNode(INT(2))))
